// Jest Snapshot v1, https://goo.gl/fbAQLP

exports[`Renders correctly 1`] = `
<View
  style={
    Array [
      Object {
        "alignItems": "flex-end",
        "flexDirection": "row",
        "justifyContent": "space-between",
        "position": "relative",
      },
      Object {
        "height": 30,
        "width": 200,
      },
    ]
  }
>
  <View
    style={
      Array [
        Object {
          "backgroundColor": "#eee",
          "height": 20,
          "width": 18.181818181818183,
        },
        undefined,
      ]
    }
  />
  <View
    style={
      Array [
        Object {
          "backgroundColor": "#eee",
          "height": 20,
          "width": 18.181818181818183,
        },
        undefined,
      ]
    }
  />
  <View
    style={
      Array [
        Object {
          "backgroundColor": "#eee",
          "height": 20,
          "width": 18.181818181818183,
        },
        undefined,
      ]
    }
  />
  <View
    style={
      Array [
        Object {
          "backgroundColor": "#eee",
          "height": 20,
          "width": 18.181818181818183,
        },
        undefined,
      ]
    }
  />
  <View
    style={
      Array [
        Object {
          "backgroundColor": "#eee",
          "height": 20,
          "width": 18.181818181818183,
        },
        undefined,
      ]
    }
  />
  <View
    style={
      Array [
        Object {
          "backgroundColor": "#eee",
          "height": 20,
          "width": 18.181818181818183,
        },
        undefined,
      ]
    }
  />
  <View
    style={
      Array [
        Object {
          "backgroundColor": "#eee",
          "height": 20,
          "width": 18.181818181818183,
        },
        undefined,
      ]
    }
  />
  <View
    style={
      Array [
        Object {
          "backgroundColor": "#eee",
          "height": 20,
          "width": 18.181818181818183,
        },
        undefined,
      ]
    }
  />
  <View
    style={
      Array [
        Object {
          "backgroundColor": "#eee",
          "height": 20,
          "width": 18.181818181818183,
        },
        undefined,
      ]
    }
  />
  <View
    style={
      Array [
        Object {
          "backgroundColor": "#eee",
          "height": 20,
          "width": 18.181818181818183,
        },
        undefined,
      ]
    }
  />
</View>
`;
